// Jest Snapshot v1, https://goo.gl/fbAQLP

exports[`Expect the <Parallax> component to render correctly 1`] = `
<DocumentFragment>
  <figure
    class="class-foo"
    style="border: 2px solid red;"
  >
    <div
      class="class-foo"
      style="border: 23px solid blue; will-change: transform; transform: translateX(100%)translateY(100%);"
    >
      <div
        class="foo"
      />
    </div>
  </figure>
</DocumentFragment>
`;
