// Jest Snapshot v1, https://goo.gl/fbAQLP

exports[`given a <ParallaxBanner> component with all props then it will render banners correctly 1`] = `
<DocumentFragment>
  <div
    class="test-class"
    style="position: relative; overflow: hidden; width: 100%; background-color: blue; border: 1px solid red;"
  >
    <div
      data-testid="layer-0"
      style="background-image: url(https://foo.com/bar.jpg); background-position: center; background-size: cover; position: absolute; top: -20px; left: 0px; right: 0px; bottom: -20px; will-change: transform; transform: translateY(-20px);"
    />
    <div>
      <h1>
        Foo Bar
      </h1>
    </div>
  </div>
</DocumentFragment>
`;
