// Jest Snapshot v1, https://goo.gl/fbAQLP

exports[`Expect the <Parallax> component to render correctly 1`] = `
<figure
  className="parallax-outer class-foo"
  style={
    Object {
      "border": "solid red 2px",
    }
  }
>
  <div
    className="parallax-inner"
    style={
      Object {
        "border": "solid blue 2px",
      }
    }
  >
    <div
      className="foo"
    />
  </div>
</figure>
`;
