// Jest Snapshot v1, https://goo.gl/fbAQLP

exports[`Expect the <Parallax> component to render correctly 1`] = `
<DocumentFragment>
  <figure
    class="parallax-outer class-foo"
    style="border: 2px solid red;"
  >
    <div
      class="parallax-inner"
      style="border: 2px solid blue; transform: translate3d(100%, 100%, 0);"
    >
      <div
        class="foo"
      />
    </div>
  </figure>
</DocumentFragment>
`;
